[40mu[0m[40ms[0m[40me[0m[47m [0m[40ma[0m[40mx[0m[40mu[0m[40mm[0m[42m:[0m[42m:[0m[100m{[0m[40mh[0m[40ma[0m[40mn[0m[40md[0m[40ml[0m[40me[0m[45mr[0m[42m:[0m[42m:[0m[40mg[0m[40me[0m[40mt[0m[40m,[0m[47m [0m[40mR[0m[40mo[0m[40mu[0m[40mt[0m[40me[0m[45mr[0m[100m}[0m[40m;[0m[101m
[0m[40mu[0m[40ms[0m[40me[0m[47m [0m[40ms[0m[40mt[0m[40md[0m[42m:[0m[42m:[0m[40mn[0m[40me[0m[40mt[0m[42m:[0m[42m:[0m[40mS[0m[40mo[0m[40mc[0m[40mk[0m[40me[0m[40mt[0m[40mA[0m[40md[0m[40md[0m[45mr[0m[40m;[0m[101m

[0m[40ma[0m[40ms[0m[40my[0m[40mn[0m[40mc[0m[47m [0m[40mf[0m[40mn[0m[47m [0m[40mh[0m[40me[0m[40ml[0m[40ml[0m[40mo[0m[40m_[0m[40mw[0m[40mo[0m[45mr[0m[40ml[0m[40md[0m[100m([0m[100m)[0m[47m [0m[42m->[0m[47m [0m[42m&[0m[42m'static[0m[47m [0m[40ms[0m[40mt[0m[45mr[0m[47m [0m[100m{[0m[101m
[0m[47m    [0m[105m"Hello, World!"[0m[101m
[0m[100m}[0m[101m

[0m[40m#[0m[100m[[0m[40mt[0m[40mo[0m[40mk[0m[40mi[0m[40mo[0m[42m:[0m[42m:[0m[40mm[0m[40ma[0m[40mi[0m[40mn[0m[100m][0m[101m
[0m[40ma[0m[40ms[0m[40my[0m[40mn[0m[40mc[0m[47m [0m[40mf[0m[40mn[0m[47m [0m[40mm[0m[40ma[0m[40mi[0m[40mn[0m[100m([0m[100m)[0m[47m [0m[100m{[0m[101m
[0m[47m    [0m[46m// Create a new Axum router[0m[101m
[0m[47m    [0m[40ml[0m[40me[0m[40mt[0m[47m [0m[40ma[0m[40mp[0m[40mp[0m[47m [0m[42m=[0m[47m [0m[40mR[0m[40mo[0m[40mu[0m[40mt[0m[40me[0m[45mr[0m[42m:[0m[42m:[0m[40mn[0m[40me[0m[40mw[0m[100m([0m[100m)[0m[101m
[0m[47m        [0m[40m.[0m[45mr[0m[40mo[0m[40mu[0m[40mt[0m[40me[0m[100m([0m[105m"/"[0m[40m,[0m[47m [0m[40mg[0m[40me[0m[40mt[0m[100m([0m[40mh[0m[40me[0m[40ml[0m[40ml[0m[40mo[0m[40m_[0m[40mw[0m[40mo[0m[45mr[0m[40ml[0m[40md[0m[100m)[0m[100m)[0m[40m;[0m[101m

[0m[47m    [0m[46m// Set the server address[0m[101m
[0m[47m    [0m[40ml[0m[40me[0m[40mt[0m[47m [0m[40ma[0m[40md[0m[40md[0m[45mr[0m[47m [0m[42m=[0m[47m [0m[40mS[0m[40mo[0m[40mc[0m[40mk[0m[40me[0m[40mt[0m[40mA[0m[40md[0m[40md[0m[45mr[0m[42m:[0m[42m:[0m[40mf[0m[45mr[0m[40mo[0m[40mm[0m[100m([0m[100m([0m[100m[[0m[40m1[0m[40m2[0m[40m7[0m[40m,[0m[47m [0m[40m0[0m[40m,[0m[47m [0m[40m0[0m[40m,[0m[47m [0m[40m1[0m[100m][0m[40m,[0m[47m [0m[40m3[0m[40m0[0m[40m0[0m[40m0[0m[100m)[0m[100m)[0m[40m;[0m[101m

[0m[47m    [0m[46m// Start the server[0m[101m
[0m[47m    [0m[40ma[0m[40mx[0m[40mu[0m[40mm[0m[42m:[0m[42m:[0m[40mS[0m[40me[0m[45mr[0m[40mv[0m[40me[0m[45mr[0m[42m:[0m[42m:[0m[40mb[0m[40mi[0m[40mn[0m[40md[0m[100m([0m[42m&[0m[40ma[0m[40md[0m[40md[0m[45mr[0m[100m)[0m[101m
[0m[47m        [0m[40m.[0m[40ms[0m[40me[0m[45mr[0m[40mv[0m[40me[0m[100m([0m[40ma[0m[40mp[0m[40mp[0m[40m.[0m[40mi[0m[40mn[0m[40mt[0m[40mo[0m[40m_[0m[40mm[0m[40ma[0m[40mk[0m[40me[0m[40m_[0m[40ms[0m[40me[0m[45mr[0m[40mv[0m[40mi[0m[40mc[0m[40me[0m[100m([0m[100m)[0m[100m)[0m[101m
[0m[47m        [0m[40m.[0m[40ma[0m[40mw[0m[40ma[0m[40mi[0m[40mt[0m[101m
[0m[47m        [0m[40m.[0m[40mu[0m[40mn[0m[40mw[0m[45mr[0m[40ma[0m[40mp[0m[100m([0m[100m)[0m[40m;[0m[101m
[0m[100m}[0m[101m
[0m