[40mf[0m[40mn[0m[47m [0m[40mm[0m[40ma[0m[40mi[0m[40mn[0m[100m([0m[100m)[0m[47m [0m[100m{[0m[101m
[0m[47m    [0m[40ml[0m[40me[0m[40mt[0m[47m [0m[40mn[0m[40mu[0m[40mm[0m[40m1[0m[42m:[0m[47m [0m[40mu[0m[40m3[0m[40m2[0m[47m [0m[42m=[0m[47m [0m[40m4[0m[40m2[0m[40m;[0m[101m
[0m[47m    [0m[40ml[0m[40me[0m[40mt[0m[47m [0m[40mn[0m[40mu[0m[40mm[0m[40m2[0m[42m:[0m[47m [0m[40mu[0m[40m3[0m[40m2[0m[47m [0m[42m=[0m[47m [0m[40m2[0m[40m3[0m[40m;[0m[101m

[0m[47m    [0m[40ml[0m[40me[0m[40mt[0m[47m [0m[40ma[0m[40mn[0m[40md[0m[40m_[0m[45mr[0m[40me[0m[40ms[0m[40mu[0m[40ml[0m[40mt[0m[47m [0m[42m=[0m[47m [0m[40mn[0m[40mu[0m[40mm[0m[40m1[0m[47m [0m[42m&[0m[47m [0m[40mn[0m[40mu[0m[40mm[0m[40m2[0m[40m;[0m[101m
[0m[47m    [0m[40mp[0m[45mr[0m[40mi[0m[40mn[0m[40mt[0m[40ml[0m[40mn[0m[40m![0m[100m([0m[105m"Bitwise AND: {}"[0m[40m,[0m[47m [0m[40ma[0m[40mn[0m[40md[0m[40m_[0m[45mr[0m[40me[0m[40ms[0m[40mu[0m[40ml[0m[40mt[0m[100m)[0m[40m;[0m[101m

[0m[47m    [0m[40ml[0m[40me[0m[40mt[0m[47m [0m[40mo[0m[45mr[0m[40m_[0m[45mr[0m[40me[0m[40ms[0m[40mu[0m[40ml[0m[40mt[0m[47m [0m[42m=[0m[47m [0m[40mn[0m[40mu[0m[40mm[0m[40m1[0m[47m [0m[40m|[0m[47m [0m[40mn[0m[40mu[0m[40mm[0m[40m2[0m[40m;[0m[101m
[0m[47m    [0m[40mp[0m[45mr[0m[40mi[0m[40mn[0m[40mt[0m[40ml[0m[40mn[0m[40m![0m[100m([0m[105m"Bitwise OR: {}"[0m[40m,[0m[47m [0m[40mo[0m[45mr[0m[40m_[0m[45mr[0m[40me[0m[40ms[0m[40mu[0m[40ml[0m[40mt[0m[100m)[0m[40m;[0m[101m

[0m[47m    [0m[40ml[0m[40me[0m[40mt[0m[47m [0m[40mx[0m[40mo[0m[45mr[0m[40m_[0m[45mr[0m[40me[0m[40ms[0m[40mu[0m[40ml[0m[40mt[0m[47m [0m[42m=[0m[47m [0m[40mn[0m[40mu[0m[40mm[0m[40m1[0m[47m [0m[40m^[0m[47m [0m[40mn[0m[40mu[0m[40mm[0m[40m2[0m[40m;[0m[101m
[0m[47m    [0m[40mp[0m[45mr[0m[40mi[0m[40mn[0m[40mt[0m[40ml[0m[40mn[0m[40m![0m[100m([0m[105m"Bitwise XOR: {}"[0m[40m,[0m[47m [0m[40mx[0m[40mo[0m[45mr[0m[40m_[0m[45mr[0m[40me[0m[40ms[0m[40mu[0m[40ml[0m[40mt[0m[100m)[0m[40m;[0m[101m

[0m[47m    [0m[40ml[0m[40me[0m[40mt[0m[47m [0m[40ms[0m[40mh[0m[40mi[0m[40mf[0m[40mt[0m[40m_[0m[40ml[0m[40me[0m[40mf[0m[40mt[0m[40m_[0m[45mr[0m[40me[0m[40ms[0m[40mu[0m[40ml[0m[40mt[0m[47m [0m[42m=[0m[47m [0m[40mn[0m[40mu[0m[40mm[0m[40m1[0m[47m [0m[40m<[0m[40m<[0m[47m [0m[40m2[0m[40m;[0m[101m
[0m[47m    [0m[40mp[0m[45mr[0m[40mi[0m[40mn[0m[40mt[0m[40ml[0m[40mn[0m[40m![0m[100m([0m[105m"Shift Left: {}"[0m[40m,[0m[47m [0m[40ms[0m[40mh[0m[40mi[0m[40mf[0m[40mt[0m[40m_[0m[40ml[0m[40me[0m[40mf[0m[40mt[0m[40m_[0m[45mr[0m[40me[0m[40ms[0m[40mu[0m[40ml[0m[40mt[0m[100m)[0m[40m;[0m[101m

[0m[47m    [0m[40ml[0m[40me[0m[40mt[0m[47m [0m[40ms[0m[40mh[0m[40mi[0m[40mf[0m[40mt[0m[40m_[0m[45mr[0m[40mi[0m[40mg[0m[40mh[0m[40mt[0m[40m_[0m[45mr[0m[40me[0m[40ms[0m[40mu[0m[40ml[0m[40mt[0m[47m [0m[42m=[0m[47m [0m[40mn[0m[40mu[0m[40mm[0m[40m2[0m[47m [0m[40m>[0m[40m>[0m[47m [0m[40m1[0m[40m;[0m[101m
[0m[47m    [0m[40mp[0m[45mr[0m[40mi[0m[40mn[0m[40mt[0m[40ml[0m[40mn[0m[40m![0m[100m([0m[105m"Shift Right: {}"[0m[40m,[0m[47m [0m[40ms[0m[40mh[0m[40mi[0m[40mf[0m[40mt[0m[40m_[0m[45mr[0m[40mi[0m[40mg[0m[40mh[0m[40mt[0m[40m_[0m[45mr[0m[40me[0m[40ms[0m[40mu[0m[40ml[0m[40mt[0m[100m)[0m[40m;[0m[101m

[0m[47m    [0m[40ml[0m[40me[0m[40mt[0m[47m [0m[40mc[0m[40mo[0m[40mm[0m[40mp[0m[40ml[0m[40me[0m[40mm[0m[40me[0m[40mn[0m[40mt[0m[40m_[0m[45mr[0m[40me[0m[40ms[0m[40mu[0m[40ml[0m[40mt[0m[47m [0m[42m=[0m[47m [0m[40m![0m[40mn[0m[40mu[0m[40mm[0m[40m1[0m[40m;[0m[101m
[0m[47m    [0m[40mp[0m[45mr[0m[40mi[0m[40mn[0m[40mt[0m[40ml[0m[40mn[0m[40m![0m[100m([0m[105m"Bitwise NOT: {}"[0m[40m,[0m[47m [0m[40mc[0m[40mo[0m[40mm[0m[40mp[0m[40ml[0m[40me[0m[40mm[0m[40me[0m[40mn[0m[40mt[0m[40m_[0m[45mr[0m[40me[0m[40ms[0m[40mu[0m[40ml[0m[40mt[0m[100m)[0m[40m;[0m[101m

[0m[47m    [0m[40ml[0m[40me[0m[40mt[0m[47m [0m[40ml[0m[40me[0m[40ma[0m[40md[0m[40mi[0m[40mn[0m[40mg[0m[40m_[0m[40mz[0m[40me[0m[45mr[0m[40mo[0m[40ms[0m[47m [0m[42m=[0m[47m [0m[40mn[0m[40mu[0m[40mm[0m[40m1[0m[40m.[0m[40ml[0m[40me[0m[40ma[0m[40md[0m[40mi[0m[40mn[0m[40mg[0m[40m_[0m[40mz[0m[40me[0m[45mr[0m[40mo[0m[40ms[0m[100m([0m[100m)[0m[40m;[0m[101m
[0m[47m    [0m[40mp[0m[45mr[0m[40mi[0m[40mn[0m[40mt[0m[40ml[0m[40mn[0m[40m![0m[100m([0m[105m"Leading Zeros: {}"[0m[40m,[0m[47m [0m[40ml[0m[40me[0m[40ma[0m[40md[0m[40mi[0m[40mn[0m[40mg[0m[40m_[0m[40mz[0m[40me[0m[45mr[0m[40mo[0m[40ms[0m[100m)[0m[40m;[0m[101m

[0m[47m    [0m[40ml[0m[40me[0m[40mt[0m[47m [0m[40mt[0m[45mr[0m[40ma[0m[40mi[0m[40ml[0m[40mi[0m[40mn[0m[40mg[0m[40m_[0m[40mz[0m[40me[0m[45mr[0m[40mo[0m[40ms[0m[47m [0m[42m=[0m[47m [0m[40mn[0m[40mu[0m[40mm[0m[40m2[0m[40m.[0m[40mt[0m[45mr[0m[40ma[0m[40mi[0m[40ml[0m[40mi[0m[40mn[0m[40mg[0m[40m_[0m[40mz[0m[40me[0m[45mr[0m[40mo[0m[40ms[0m[100m([0m[100m)[0m[40m;[0m[101m
[0m[47m    [0m[40mp[0m[45mr[0m[40mi[0m[40mn[0m[40mt[0m[40ml[0m[40mn[0m[40m![0m[100m([0m[105m"Trailing Zeros: {}"[0m[40m,[0m[47m [0m[40mt[0m[45mr[0m[40ma[0m[40mi[0m[40ml[0m[40mi[0m[40mn[0m[40mg[0m[40m_[0m[40mz[0m[40me[0m[45mr[0m[40mo[0m[40ms[0m[100m)[0m[40m;[0m[101m
[0m[100m}[0m[101m
[0m