[40mm[0m[40ma[0m[40mc[0m[45mr[0m[40mo[0m[40m_[0m[45mr[0m[40mu[0m[40ml[0m[40me[0m[40ms[0m[40m![0m[47m [0m[40mg[0m[45mr[0m[40me[0m[40me[0m[40mt[0m[47m [0m[100m{[0m[101m
[0m[47m    [0m[100m([0m[100m)[0m[47m [0m[42m=>[0m[47m [0m[100m{[0m[101m
[0m[47m        [0m[40mp[0m[45mr[0m[40mi[0m[40mn[0m[40mt[0m[40ml[0m[40mn[0m[40m![0m[100m([0m[105m"Hello, world!"[0m[100m)[0m[40m;[0m[101m
[0m[47m    [0m[100m}[0m[40m;[0m[101m
[0m[47m    [0m[100m([0m[40m$[0m[40mn[0m[40ma[0m[40mm[0m[40me[0m[42m:[0m[40me[0m[40mx[0m[40mp[0m[45mr[0m[100m)[0m[47m [0m[42m=>[0m[47m [0m[100m{[0m[101m
[0m[47m        [0m[40mp[0m[45mr[0m[40mi[0m[40mn[0m[40mt[0m[40ml[0m[40mn[0m[40m![0m[100m([0m[105m"Hello, {}!"[0m[40m,[0m[47m [0m[40m$[0m[40mn[0m[40ma[0m[40mm[0m[40me[0m[100m)[0m[40m;[0m[101m
[0m[47m    [0m[100m}[0m[40m;[0m[101m
[0m[100m}[0m[101m

[0m[40mm[0m[40ma[0m[40mc[0m[45mr[0m[40mo[0m[40m_[0m[45mr[0m[40mu[0m[40ml[0m[40me[0m[40ms[0m[40m![0m[47m [0m[40mc[0m[40ma[0m[40ml[0m[40mc[0m[40mu[0m[40ml[0m[40ma[0m[40mt[0m[40me[0m[40m_[0m[40ms[0m[40mu[0m[40mm[0m[47m [0m[100m{[0m[101m
[0m[47m    [0m[100m([0m[40m$[0m[100m([0m[40m$[0m[40mx[0m[42m:[0m[40me[0m[40mx[0m[40mp[0m[45mr[0m[100m)[0m[40m,[0m[42m*[0m[100m)[0m[47m [0m[42m=>[0m[47m [0m[100m{[0m[101m
[0m[47m        [0m[100m{[0m[101m
[0m[47m            [0m[40ml[0m[40me[0m[40mt[0m[47m [0m[40mm[0m[40mu[0m[40mt[0m[47m [0m[40ms[0m[40mu[0m[40mm[0m[47m [0m[42m=[0m[47m [0m[40m0[0m[40m;[0m[101m
[0m[47m            [0m[40m$[0m[100m([0m[101m
[0m[47m                [0m[40ms[0m[40mu[0m[40mm[0m[47m [0m[42m+=[0m[47m [0m[40m$[0m[40mx[0m[40m;[0m[101m
[0m[47m            [0m[100m)[0m[42m*[0m[101m
[0m[47m            [0m[40ms[0m[40mu[0m[40mm[0m[101m
[0m[47m        [0m[100m}[0m[101m
[0m[47m    [0m[100m}[0m[40m;[0m[101m
[0m[100m}[0m[101m

[0m[40mf[0m[40mn[0m[47m [0m[40mm[0m[40ma[0m[40mi[0m[40mn[0m[100m([0m[100m)[0m[47m [0m[100m{[0m[101m
[0m[47m    [0m[40mg[0m[45mr[0m[40me[0m[40me[0m[40mt[0m[40m![0m[100m([0m[100m)[0m[40m;[0m[47m [0m[46m// Prints "Hello, world!"[0m[101m
[0m[47m    [0m[40mg[0m[45mr[0m[40me[0m[40me[0m[40mt[0m[40m![0m[100m([0m[105m"Alice"[0m[100m)[0m[40m;[0m[47m [0m[46m// Prints "Hello, Alice!"[0m[101m

[0m[47m    [0m[40ml[0m[40me[0m[40mt[0m[47m [0m[40mn[0m[40mu[0m[40mm[0m[40m1[0m[47m [0m[42m=[0m[47m [0m[40m5[0m[40m;[0m[101m
[0m[47m    [0m[40ml[0m[40me[0m[40mt[0m[47m [0m[40mn[0m[40mu[0m[40mm[0m[40m2[0m[47m [0m[42m=[0m[47m [0m[40m1[0m[40m0[0m[40m;[0m[101m
[0m[47m    [0m[40ml[0m[40me[0m[40mt[0m[47m [0m[40mn[0m[40mu[0m[40mm[0m[40m3[0m[47m [0m[42m=[0m[47m [0m[40m1[0m[40m5[0m[40m;[0m[101m

[0m[47m    [0m[40ml[0m[40me[0m[40mt[0m[47m [0m[40ms[0m[40mu[0m[40mm[0m[47m [0m[42m=[0m[47m [0m[40mc[0m[40ma[0m[40ml[0m[40mc[0m[40mu[0m[40ml[0m[40ma[0m[40mt[0m[40me[0m[40m_[0m[40ms[0m[40mu[0m[40mm[0m[40m![0m[100m([0m[40mn[0m[40mu[0m[40mm[0m[40m1[0m[40m,[0m[47m [0m[40mn[0m[40mu[0m[40mm[0m[40m2[0m[40m,[0m[47m [0m[40mn[0m[40mu[0m[40mm[0m[40m3[0m[100m)[0m[40m;[0m[101m
[0m[47m    [0m[40mp[0m[45mr[0m[40mi[0m[40mn[0m[40mt[0m[40ml[0m[40mn[0m[40m![0m[100m([0m[105m"The sum is: {}"[0m[40m,[0m[47m [0m[40ms[0m[40mu[0m[40mm[0m[100m)[0m[40m;[0m[47m [0m[46m// Prints "The sum is: 30"[0m[101m
[0m[100m}[0m[101m
[0m