[40m1[0m[40m2[0m[40m3[0m[101m
[0m[40mh[0m[40me[0m[40ml[0m[40ml[0m[40mo[0m[101m
[0m[40m0[0m[40mb[0m[40m0[0m[40m0[0m[40m1[0m[40m1[0m[40mu[0m[40m3[0m[40m2[0m[101m
[0m[42m-[0m[40m2[0m[40m.[0m[40m5[0m[40me[0m[42m-[0m[40m3[0m[101m
[0m[40m1[0m[40m_[0m[40m0[0m[40m0[0m[40m0[0m[40m_[0m[40m0[0m[40m0[0m[40m0[0m[40mu[0m[40m3[0m[40m2[0m[101m
[0m