[105m"{[()]}"[0m[101m

[0m[40mr[0m[40m#[0m[105m" "[0m[105m" "[0m[40m#[0m[101m

[0m[40mr[0m[40m#[0m[40m#[0m[105m" r#"[0m[105m"# "[0m[40m#[0m[40m#[0m[101m
[0m