[40mf[0m[40mn[0m[47m [0m[40mm[0m[40ma[0m[40mi[0m[40mn[0m[100m([0m[100m)[0m[100m{[0m[101m
[0m[40ml[0m[40me[0m[40mt[0m[47m             [0m[40mm[0m[40mu[0m[40mt[0m[47m  [0m[40mn[0m[40mu[0m[40mm[0m[40mb[0m[40me[0m[45mr[0m[47m              [0m[42m=[0m[47m [0m[40m1[0m[40m0[0m[47m     [0m[40m;[0m[101m
[0m[40ml[0m[40me[0m[40mt[0m[47m     [0m[40mm[0m[40mu[0m[40mt[0m[47m  [0m[40ms[0m[40mu[0m[40mm[0m[47m       [0m[42m=[0m[47m [0m[40m0[0m[47m           [0m[40m;[0m[101m
[0m[40mf[0m[40mo[0m[45mr[0m[47m [0m[40mi[0m[47m [0m[40mi[0m[40mn[0m[47m [0m[40m0[0m[40m.[0m[40m.[0m[47m [0m[40mn[0m[40mu[0m[40mm[0m[40mb[0m[40me[0m[45mr[0m[47m [0m[100m{[0m[101m
[0m[40mi[0m[40mf[0m[47m           [0m[40mi[0m[47m [0m[42m%[0m[47m [0m[40m2[0m[47m      [0m[42m==[0m[47m         [0m[40m0[0m[100m{[0m[40ms[0m[40mu[0m[40mm[0m[42m+=[0m[40mi[0m[40m;[0m[100m}[0m[100m}[0m[101m
[0m[40mp[0m[45mr[0m[40mi[0m[40mn[0m[40mt[0m[40ml[0m[40mn[0m[40m![0m[100m([0m[105m"The     sum        of       even numbers   up   to    {}  is:   {}   "[0m[47m    [0m[40m,[0m[40mn[0m[40mu[0m[40mm[0m[40mb[0m[40me[0m[45mr[0m[40m,[0m[47m [0m[40ms[0m[40mu[0m[40mm[0m[100m)[0m[40m;[0m[47m          [0m[100m}[0m[101m
[0m