String at (0, 8)
Newline at (8, 10)
RawString at (10, 19)
Newline at (19, 21)
RawString at (21, 35)
Newline at (35, 36)